The ``print sqaure`` module
======================

Using ``print_square``
-------------------

This is to print a sqaure of a given size.  First import
``print_square`` from the ``4-print_square`` module:

>>> print_square = __import__("4-print_square").print_square

>>> print_square(4)
####
####
####
####

>>> print_square(10)
##########
##########
##########
##########
##########
##########
##########
##########
##########
##########

>>> print_square(0)

>>> print_square(1)
#

>>> print_square("r")
Traceback (most recent call last):
TypeError: size must be an integer

>>> print_square(-1)
Traceback (most recent call last):
ValueError: size must be >= 0

>>> print_square(9.8)
Traceback (most recent call last):
TypeError: size must be an integer

>>> print_square(0.8)
Traceback (most recent call last):
TypeError: size must be an integer

>>> print_square()
Traceback (most recent call last):
TypeError: print_square() missing 1 required positional argument: 'size'

>>> print_square(3, 6)
Traceback (most recent call last):
TypeError: print_square() takes 1 positional argument but 2 were given

>>> print_square([])
Traceback (most recent call last):
TypeError: size must be an integer
